C:\Embebidos_Redes\Prac2\prac2_612_t3_lwip_mqtt_freertos_seR2\CMSIS/core_cm33.h:2390:22:__NVIC_EnableIRQ	16	static
../drivers/fsl_common_arm.h:586:24:EnableIRQ	24	static
../drivers/fsl_common_arm.h:804:24:DisableGlobalIRQ	16	static
../drivers/fsl_common_arm.h:830:20:EnableGlobalIRQ	24	static
../drivers/fsl_memory.h:59:24:MEMORY_ConvertMemoryMapAddress	24	static
../drivers/fsl_enet.h:918:20:ENET_Reset	16	static
../drivers/fsl_enet.h:970:20:ENET_GetSMI	16	static
../drivers/fsl_enet.h:981:24:ENET_ReadSMIData	16	static
../drivers/fsl_enet.h:999:20:ENET_StartSMIWrite	16	static
../drivers/fsl_enet.h:1018:20:ENET_StartSMIRead	16	static
../drivers/fsl_enet.h:1061:20:ENET_StartExtC45SMIWriteReg	16	static
../drivers/fsl_enet.h:1079:20:ENET_StartExtC45SMIWriteData	16	static
../drivers/fsl_enet.h:1096:20:ENET_StartExtC45SMIReadData	16	static
../drivers/fsl_enet.h:1269:20:ENET_EnableSleepMode	16	static
../drivers/fsl_enet.h:1321:20:ENET_EnableInterrupts	16	static
../drivers/fsl_enet.h:1352:24:ENET_GetInterruptStatus	16	static
../drivers/fsl_enet.h:1371:20:ENET_ClearInterruptStatus	16	static
../drivers/fsl_enet.c:181:10:ENET_GetInstance	24	static
../drivers/fsl_enet.c:213:6:ENET_GetDefaultConfig	16	static
../drivers/fsl_enet.c:264:10:ENET_Up	40	static
../drivers/fsl_enet.c:329:10:ENET_Init	40	static
../drivers/fsl_enet.c:360:6:ENET_Down	24	static
../drivers/fsl_enet.c:384:6:ENET_Deinit	16	static
../drivers/fsl_enet.c:400:6:ENET_ResetHardware	16	static
../drivers/fsl_enet.c:428:6:ENET_SetRxISRHandler	24	static
../drivers/fsl_enet.c:436:6:ENET_SetTxISRHandler	24	static
../drivers/fsl_enet.c:445:6:ENET_SetErrISRHandler	24	static
../drivers/fsl_enet.c:471:13:ENET_SetHandler	40	static
../drivers/fsl_enet.c:528:13:ENET_SetMacController	64	static
../drivers/fsl_enet.c:793:13:ENET_SetTxBufferDescriptors	88	static
../drivers/fsl_enet.c:854:17:ENET_SetRxBufferDescriptors	72	static
../drivers/fsl_enet.c:957:13:ENET_RxBufferFreeAll	48	static
../drivers/fsl_enet.c:1009:20:ENET_ActiveReadRing	16	static
../drivers/fsl_enet.c:1046:13:ENET_ActiveSendRing	24	static
../drivers/fsl_enet.c:1101:6:ENET_SetMII	24	static
../drivers/fsl_enet.c:1157:6:ENET_SetMacAddr	24	static
../drivers/fsl_enet.c:1177:6:ENET_GetMacAddr	24	static
../drivers/fsl_enet.c:1205:6:ENET_SetSMI	40	static
../drivers/fsl_enet.c:1225:17:ENET_MDIOWaitTransferOver	24	static
../drivers/fsl_enet.c:1264:10:ENET_MDIOWrite	32	static
../drivers/fsl_enet.c:1296:10:ENET_MDIORead	32	static
../drivers/fsl_enet.c:1335:10:ENET_MDIOC45Write	24	static
../drivers/fsl_enet.c:1371:10:ENET_MDIOC45Read	24	static
../drivers/fsl_enet.c:1400:17:ENET_IncreaseIndex	16	static
../drivers/fsl_enet.c:1413:20:ENET_TxDirtyRingAvailable	16	static
../drivers/fsl_enet.c:1437:6:ENET_GetRxErrBeforeReadFrame	40	static
../drivers/fsl_enet.c:1523:6:ENET_EnableStatistics	16	static
../drivers/fsl_enet.c:1544:6:ENET_GetStatistics	16	static
../drivers/fsl_enet.c:1568:6:ENET_ResetStatistics	16	static
../drivers/fsl_enet.c:1591:10:ENET_GetRxFrameSize	48	static
../drivers/fsl_enet.c:1706:10:ENET_ReadFrame	64	static
../drivers/fsl_enet.c:1815:13:ENET_UpdateReadBuffers	32	static
../drivers/fsl_enet.c:1856:10:ENET_SendFrame	72	static
../drivers/fsl_enet.c:2074:10:ENET_SetTxReclaim	32	static
../drivers/fsl_enet.c:2115:6:ENET_ReclaimTxDescriptor	64	static
../drivers/fsl_enet.c:2168:24:ENET_GetRxFrameErr	32	static
../drivers/fsl_enet.c:2239:10:ENET_GetRxFrame	96	static
../drivers/fsl_enet.c:2491:10:ENET_StartTxFrame	112	static
../drivers/fsl_enet.c:2631:6:ENET_AddMulticastGroup	40	static
../drivers/fsl_enet.c:2684:6:ENET_LeaveMulticastGroup	40	static
../drivers/fsl_enet.c:3087:6:ENET_TransmitIRQHandler	48	static
../drivers/fsl_enet.c:3147:6:ENET_ReceiveIRQHandler	40	static
../drivers/fsl_enet.c:3192:6:ENET_ErrorIRQHandler	40	static
../drivers/fsl_enet.c:3289:6:ENET_CommonFrame0IRQHandler	24	static
../drivers/fsl_enet.c:3391:6:ENET_Ptp1588IRQHandler	24	static
../drivers/fsl_enet.c:3420:6:ENET_TxIRQHandler	24	static
../drivers/fsl_enet.c:3432:6:ENET_RxIRQHandler	24	static
../drivers/fsl_enet.c:3443:6:ENET_ErrIRQHandler	24	static
../drivers/fsl_enet.c:3454:6:ENET_Transmit_DriverIRQHandler	8	static
../drivers/fsl_enet.c:3461:6:ENET_Receive_DriverIRQHandler	8	static
../drivers/fsl_enet.c:3468:6:ENET_Error_DriverIRQHandler	8	static
../drivers/fsl_enet.c:3490:6:ENET_DriverIRQHandler	8	static
../drivers/fsl_enet.c:3497:6:ENET_1588_Timer_DriverIRQHandler	8	static
../drivers/fsl_enet.c:3504:6:ENET_TIMER_DriverIRQHandler	8	static
